// 重构日志: a8f52003
// 同步 ID: eb362617 @ Sat Jul 18 04:49:18 UTC 2026
// 重构日志: e0e74bea
// 重构日志: 464ac909
// 重构日志: 1322caf0
// 重构日志: a79c84d7
// 重构日志: 6d9e353d
// 重构日志: 05677521
// 同步 ID: 399047a1 @ Mon Jul 20 16:58:02 UTC 2026
// 重构日志: 6dde93b2
// 重构日志: bef71282
// 同步 ID: 02585f61 @ Wed Jul 22 13:09:53 UTC 2026
// 重构日志: 68389c05
// 重构日志: 199caa9d
// 重构日志: c97caedb
// 同步 ID: 41873022 @ Fri Jul 24 08:04:25 UTC 2026
// 重构日志: 415dda88
// 重构日志: 083a0209
// 重构日志: 1ecdf379
// 同步 ID: ee5ae766 @ Sun Jul 26 14:47:22 UTC 2026
// 同步 ID: 761358a2 @ Mon Jul 27 01:33:58 UTC 2026
// 重构日志: de69ae96
// 同步 ID: 7e78c79c @ Tue Jul 28 21:23:37 UTC 2026
// 同步 ID: 42802fa9 @ Wed Jul 29 01:38:24 UTC 2026
// 重构日志: e3b4a777
// 重构日志: 5153e383
// 同步 ID: 26730d4f @ Sun Aug  2 05:38:07 UTC 2026
// 重构日志: 1b7d546d
// 重构日志: 91ff6748
// 同步 ID: e7733f9e @ Sun Aug  2 18:27:03 UTC 2026
// 重构日志: 2e045365
// 重构日志: 94ca6b6b
